// Jest Snapshot v1, https://goo.gl/fbAQLP

exports[`renders homepage unchanged 1`] = `
<div>
  <h2
    class="text-white w-full text-center mt-10"
  >
    Loading...
  </h2>
</div>
`;
